﻿[36mvite v7.3.1 [32mbuilding client environment for production...[36m[39m
transforming...
[32m✓[39m 1762 modules transformed.
node.exe : 
[31m✗[39m Build 
failed in 3.33s
En línea: 1 
Carácter: 1
+ & "D:\/node.exe" 
"D:\/node_modules/n
pm/bin/npx-cli.js" 
vite build
+ ~~~~~~~~~~~~~~~~~
~~~~~~~~~~~~~~~~~~~
~~~~~~~~~~~~~~~~~~~
~~~~~~~~~~
    + CategoryInfo 
             : No  
  tSpecified: (   
 [31m✗[39m Bui    
ld failed in 3    
.33s:String) [    
], RemoteExcep    
tion
    + FullyQualifi 
   edErrorId : Na  
  tiveCommandErr   
 or
 
[31merror during 
build:
[31msrc/pages/Dash
board.jsx (4:25): 
"recentSales" is 
not exported by "sr
c/data/mock.js", 
imported by "src/pa
ges/Dashboard.jsx".
[31m
file: [36mD:/Docum
ents/ProyectoPost/s
rc/pages/Dashboard.
jsx:4:25[31m
[33m
2: import { 
DollarSign, 
ShoppingCart, 
Package, Users, 
TrendingUp, 
ArrowRight, 
Receipt, Wallet, 
BarChart3 } from 
'lucide-...
3: import { Link } 
from 
'react-router-dom';
4: import { 
dashboardStats, 
recentSales } from 
'../data/mock';
                   
         ^
5: import Button 
from '../components
/ui/Button';
[31m
    at 
getRollupError (fil
e:///D:/Documents/P
royectoPost/node_mo
dules/rollup/dist/e
s/shared/parseAst.j
s:402:41)
    at error (file:
///D:/Documents/Pro
yectoPost/node_modu
les/rollup/dist/es/
shared/parseAst.js:
398:42)
    at 
Module.error (file:
///D:/Documents/Pro
yectoPost/node_modu
les/rollup/dist/es/
shared/node-entry.j
s:17040:16)
    at Module.trace
Variable (file:///D
:/Documents/Proyect
oPost/node_modules/
rollup/dist/es/shar
ed/node-entry.js:17
452:29)
    at ModuleScope.
findVariable (file:
///D:/Documents/Pro
yectoPost/node_modu
les/rollup/dist/es/
shared/node-entry.j
s:15070:39)
    at FunctionScop
e.findVariable (fil
e:///D:/Documents/P
royectoPost/node_mo
dules/rollup/dist/e
s/shared/node-entry
.js:5673:38)
    at FunctionBody
Scope.findVariable 
(file:///D:/Documen
ts/ProyectoPost/nod
e_modules/rollup/di
st/es/shared/node-e
ntry.js:5673:38)
    at MemberExpres
sion.bind (file:///
D:/Documents/Proyec
toPost/node_modules
/rollup/dist/es/sha
red/node-entry.js:7
392:49)
    at CallExpressi
on.bind (file:///D:
/Documents/Proyecto
Post/node_modules/r
ollup/dist/es/share
d/node-entry.js:282
9:23)
    at CallExpressi
on.bind (file:///D:
/Documents/Proyecto
Post/node_modules/r
ollup/dist/es/share
d/node-entry.js:121
79:15)[39m
